('clone', 'http://127.0.0.1:59733/repo', '/var/folders/wc/km_p_m0x5_s5dxd9y9w2qlh40000gn/T/object-log-linux-client-gxkght1w/history-clone')
Cloning into '/var/folders/wc/km_p_m0x5_s5dxd9y9w2qlh40000gn/T/object-log-linux-client-gxkght1w/history-clone'...
19:27:48.938228 http.c:912              == Info: Couldn't find host 127.0.0.1 in the .netrc file; using defaults
19:27:48.938405 http.c:912              == Info:   Trying 127.0.0.1:59733...
19:27:48.938501 http.c:912              == Info: Connected to 127.0.0.1 (127.0.0.1) port 59733
19:27:48.938522 http.c:859              => Send header, 0000000191 bytes (0x000000bf)
19:27:48.938527 http.c:871              => Send header: GET /repo/info/refs?service=git-upload-pack HTTP/1.1
19:27:48.938528 http.c:871              => Send header: Host: 127.0.0.1:59733
19:27:48.938529 http.c:871              => Send header: User-Agent: git/2.54.0
19:27:48.938530 http.c:871              => Send header: Accept: */*
19:27:48.938531 http.c:871              => Send header: Accept-Encoding: deflate, gzip
19:27:48.938532 http.c:871              => Send header: Pragma: no-cache
19:27:48.938532 http.c:871              => Send header: Git-Protocol: version=2
19:27:48.938533 http.c:871              => Send header:
19:27:48.938536 http.c:912              == Info: Request completely sent off
19:27:48.939491 http.c:859              <= Recv header, 0000000017 bytes (0x00000011)
19:27:48.939496 http.c:871              <= Recv header: HTTP/1.1 200 OK
19:27:48.939499 http.c:859              <= Recv header, 0000000059 bytes (0x0000003b)
19:27:48.939500 http.c:871              <= Recv header: content-type: application/x-git-upload-pack-advertisement
19:27:48.939502 http.c:859              <= Recv header, 0000000020 bytes (0x00000014)
19:27:48.939502 http.c:871              <= Recv header: content-length: 91
19:27:48.939504 http.c:859              <= Recv header, 0000000025 bytes (0x00000019)
19:27:48.939505 http.c:871              <= Recv header: cache-control: no-cache
19:27:48.939506 http.c:859              <= Recv header, 0000000037 bytes (0x00000025)
19:27:48.939507 http.c:871              <= Recv header: date: Sat, 05 Sep 2026 02:27:48 GMT
19:27:48.939508 http.c:859              <= Recv header, 0000000002 bytes (0x00000002)
19:27:48.939510 http.c:871              <= Recv header:
19:27:48.939514 http.c:912              == Info: Connection #0 to host 127.0.0.1 left intact
19:27:48.939597 http.c:912              == Info: Couldn't find host 127.0.0.1 in the .netrc file; using defaults
19:27:48.939600 http.c:912              == Info: Found bundle for host: 0x105494af0 [serially]
19:27:48.939602 http.c:912              == Info: Can not multiplex, even if we wanted to
19:27:48.939604 http.c:912              == Info: Re-using existing connection with host 127.0.0.1
19:27:48.939620 http.c:859              => Send header, 0000000263 bytes (0x00000107)
19:27:48.939623 http.c:871              => Send header: POST /repo/git-upload-pack HTTP/1.1
19:27:48.939624 http.c:871              => Send header: Host: 127.0.0.1:59733
19:27:48.939625 http.c:871              => Send header: User-Agent: git/2.54.0
19:27:48.939625 http.c:871              => Send header: Accept-Encoding: deflate, gzip
19:27:48.939626 http.c:871              => Send header: Content-Type: application/x-git-upload-pack-request
19:27:48.939627 http.c:871              => Send header: Accept: application/x-git-upload-pack-result
19:27:48.939627 http.c:871              => Send header: Git-Protocol: version=2
19:27:48.939628 http.c:871              => Send header: Content-Length: 182
19:27:48.939635 http.c:871              => Send header:
19:27:48.939640 http.c:912              == Info: upload completely sent off: 182 bytes
19:27:48.952707 http.c:859              <= Recv header, 0000000017 bytes (0x00000011)
19:27:48.952716 http.c:871              <= Recv header: HTTP/1.1 200 OK
19:27:48.952720 http.c:859              <= Recv header, 0000000052 bytes (0x00000034)
19:27:48.952722 http.c:871              <= Recv header: content-type: application/x-git-upload-pack-result
19:27:48.952723 http.c:859              <= Recv header, 0000000021 bytes (0x00000015)
19:27:48.952724 http.c:871              <= Recv header: content-length: 145
19:27:48.952726 http.c:859              <= Recv header, 0000000025 bytes (0x00000019)
19:27:48.952726 http.c:871              <= Recv header: cache-control: no-cache
19:27:48.952727 http.c:859              <= Recv header, 0000000037 bytes (0x00000025)
19:27:48.952728 http.c:871              <= Recv header: date: Sat, 05 Sep 2026 02:27:48 GMT
19:27:48.952729 http.c:859              <= Recv header, 0000000002 bytes (0x00000002)
19:27:48.952730 http.c:871              <= Recv header:
19:27:48.952738 http.c:912              == Info: Connection #0 to host 127.0.0.1 left intact
19:27:48.953966 http.c:912              == Info: Couldn't find host 127.0.0.1 in the .netrc file; using defaults
19:27:48.953971 http.c:912              == Info: Found bundle for host: 0x105494af0 [serially]
19:27:48.953972 http.c:912              == Info: Can not multiplex, even if we wanted to
19:27:48.953975 http.c:912              == Info: Re-using existing connection with host 127.0.0.1
19:27:48.953992 http.c:859              => Send header, 0000000263 bytes (0x00000107)
19:27:48.953995 http.c:871              => Send header: POST /repo/git-upload-pack HTTP/1.1
19:27:48.953996 http.c:871              => Send header: Host: 127.0.0.1:59733
19:27:48.953997 http.c:871              => Send header: User-Agent: git/2.54.0
19:27:48.953997 http.c:871              => Send header: Accept-Encoding: deflate, gzip
19:27:48.953998 http.c:871              => Send header: Content-Type: application/x-git-upload-pack-request
19:27:48.953999 http.c:871              => Send header: Accept: application/x-git-upload-pack-result
19:27:48.953999 http.c:871              => Send header: Git-Protocol: version=2
19:27:48.954000 http.c:871              => Send header: Content-Length: 224
19:27:48.954001 http.c:871              => Send header:
19:27:48.954002 http.c:912              == Info: upload completely sent off: 224 bytes
19:27:49.095644 http.c:859              <= Recv header, 0000000017 bytes (0x00000011)
19:27:49.095663 http.c:871              <= Recv header: HTTP/1.1 200 OK
19:27:49.095670 http.c:859              <= Recv header, 0000000052 bytes (0x00000034)
19:27:49.095671 http.c:871              <= Recv header: content-type: application/x-git-upload-pack-result
19:27:49.095674 http.c:859              <= Recv header, 0000000025 bytes (0x00000019)
19:27:49.095676 http.c:871              <= Recv header: content-length: 8604995
19:27:49.095677 http.c:859              <= Recv header, 0000000025 bytes (0x00000019)
19:27:49.095678 http.c:871              <= Recv header: cache-control: no-cache
19:27:49.095679 http.c:859              <= Recv header, 0000000037 bytes (0x00000025)
19:27:49.095680 http.c:871              <= Recv header: date: Sat, 05 Sep 2026 02:27:49 GMT
19:27:49.095681 http.c:859              <= Recv header, 0000000002 bytes (0x00000002)
19:27:49.095682 http.c:871              <= Recv header:
19:27:49.148042 http.c:912              == Info: Connection #0 to host 127.0.0.1 left intact
