('clone', 'http://127.0.0.1:59733/repo', '/var/folders/wc/km_p_m0x5_s5dxd9y9w2qlh40000gn/T/object-log-linux-client-gxkght1w/clone')
Cloning into '/var/folders/wc/km_p_m0x5_s5dxd9y9w2qlh40000gn/T/object-log-linux-client-gxkght1w/clone'...
19:27:36.004377 http.c:912              == Info: Couldn't find host 127.0.0.1 in the .netrc file; using defaults
19:27:36.004564 http.c:912              == Info:   Trying 127.0.0.1:59733...
19:27:36.004670 http.c:912              == Info: Connected to 127.0.0.1 (127.0.0.1) port 59733
19:27:36.004688 http.c:859              => Send header, 0000000191 bytes (0x000000bf)
19:27:36.004690 http.c:871              => Send header: GET /repo/info/refs?service=git-upload-pack HTTP/1.1
19:27:36.004691 http.c:871              => Send header: Host: 127.0.0.1:59733
19:27:36.004692 http.c:871              => Send header: User-Agent: git/2.54.0
19:27:36.004693 http.c:871              => Send header: Accept: */*
19:27:36.004694 http.c:871              => Send header: Accept-Encoding: deflate, gzip
19:27:36.004695 http.c:871              => Send header: Pragma: no-cache
19:27:36.004696 http.c:871              => Send header: Git-Protocol: version=2
19:27:36.004696 http.c:871              => Send header:
19:27:36.004699 http.c:912              == Info: Request completely sent off
19:27:36.005699 http.c:859              <= Recv header, 0000000017 bytes (0x00000011)
19:27:36.005704 http.c:871              <= Recv header: HTTP/1.1 200 OK
19:27:36.005708 http.c:859              <= Recv header, 0000000059 bytes (0x0000003b)
19:27:36.005709 http.c:871              <= Recv header: content-type: application/x-git-upload-pack-advertisement
19:27:36.005711 http.c:859              <= Recv header, 0000000020 bytes (0x00000014)
19:27:36.005712 http.c:871              <= Recv header: content-length: 91
19:27:36.005713 http.c:859              <= Recv header, 0000000025 bytes (0x00000019)
19:27:36.005714 http.c:871              <= Recv header: cache-control: no-cache
19:27:36.005715 http.c:859              <= Recv header, 0000000037 bytes (0x00000025)
19:27:36.005716 http.c:871              <= Recv header: date: Sat, 05 Sep 2026 02:27:36 GMT
19:27:36.005717 http.c:859              <= Recv header, 0000000002 bytes (0x00000002)
19:27:36.005718 http.c:871              <= Recv header:
19:27:36.005721 http.c:912              == Info: Connection #0 to host 127.0.0.1 left intact
19:27:36.005781 http.c:912              == Info: Couldn't find host 127.0.0.1 in the .netrc file; using defaults
19:27:36.005785 http.c:912              == Info: Found bundle for host: 0x1012b0470 [serially]
19:27:36.005786 http.c:912              == Info: Can not multiplex, even if we wanted to
19:27:36.005788 http.c:912              == Info: Re-using existing connection with host 127.0.0.1
19:27:36.005808 http.c:859              => Send header, 0000000263 bytes (0x00000107)
19:27:36.005811 http.c:871              => Send header: POST /repo/git-upload-pack HTTP/1.1
19:27:36.005812 http.c:871              => Send header: Host: 127.0.0.1:59733
19:27:36.005813 http.c:871              => Send header: User-Agent: git/2.54.0
19:27:36.005814 http.c:871              => Send header: Accept-Encoding: deflate, gzip
19:27:36.005815 http.c:871              => Send header: Content-Type: application/x-git-upload-pack-request
19:27:36.005822 http.c:871              => Send header: Accept: application/x-git-upload-pack-result
19:27:36.005823 http.c:871              => Send header: Git-Protocol: version=2
19:27:36.005824 http.c:871              => Send header: Content-Length: 182
19:27:36.005824 http.c:871              => Send header:
19:27:36.005826 http.c:912              == Info: upload completely sent off: 182 bytes
19:27:36.017800 http.c:859              <= Recv header, 0000000017 bytes (0x00000011)
19:27:36.017808 http.c:871              <= Recv header: HTTP/1.1 200 OK
19:27:36.017812 http.c:859              <= Recv header, 0000000052 bytes (0x00000034)
19:27:36.017813 http.c:871              <= Recv header: content-type: application/x-git-upload-pack-result
19:27:36.017814 http.c:859              <= Recv header, 0000000021 bytes (0x00000015)
19:27:36.017815 http.c:871              <= Recv header: content-length: 145
19:27:36.017817 http.c:859              <= Recv header, 0000000025 bytes (0x00000019)
19:27:36.017818 http.c:871              <= Recv header: cache-control: no-cache
19:27:36.017819 http.c:859              <= Recv header, 0000000037 bytes (0x00000025)
19:27:36.017820 http.c:871              <= Recv header: date: Sat, 05 Sep 2026 02:27:36 GMT
19:27:36.017821 http.c:859              <= Recv header, 0000000002 bytes (0x00000002)
19:27:36.017822 http.c:871              <= Recv header:
19:27:36.017829 http.c:912              == Info: Connection #0 to host 127.0.0.1 left intact
19:27:36.018953 http.c:912              == Info: Couldn't find host 127.0.0.1 in the .netrc file; using defaults
19:27:36.018957 http.c:912              == Info: Found bundle for host: 0x1012b0470 [serially]
19:27:36.018958 http.c:912              == Info: Can not multiplex, even if we wanted to
19:27:36.018960 http.c:912              == Info: Re-using existing connection with host 127.0.0.1
19:27:36.018977 http.c:859              => Send header, 0000000263 bytes (0x00000107)
19:27:36.018980 http.c:871              => Send header: POST /repo/git-upload-pack HTTP/1.1
19:27:36.018981 http.c:871              => Send header: Host: 127.0.0.1:59733
19:27:36.018981 http.c:871              => Send header: User-Agent: git/2.54.0
19:27:36.018982 http.c:871              => Send header: Accept-Encoding: deflate, gzip
19:27:36.018983 http.c:871              => Send header: Content-Type: application/x-git-upload-pack-request
19:27:36.018984 http.c:871              => Send header: Accept: application/x-git-upload-pack-result
19:27:36.018984 http.c:871              => Send header: Git-Protocol: version=2
19:27:36.018985 http.c:871              => Send header: Content-Length: 224
19:27:36.018986 http.c:871              => Send header:
19:27:36.018987 http.c:912              == Info: upload completely sent off: 224 bytes
19:27:36.031495 http.c:859              <= Recv header, 0000000017 bytes (0x00000011)
19:27:36.031504 http.c:871              <= Recv header: HTTP/1.1 200 OK
19:27:36.031508 http.c:859              <= Recv header, 0000000052 bytes (0x00000034)
19:27:36.031509 http.c:871              <= Recv header: content-type: application/x-git-upload-pack-result
19:27:36.031511 http.c:859              <= Recv header, 0000000021 bytes (0x00000015)
19:27:36.031512 http.c:871              <= Recv header: content-length: 249
19:27:36.031513 http.c:859              <= Recv header, 0000000025 bytes (0x00000019)
19:27:36.031514 http.c:871              <= Recv header: cache-control: no-cache
19:27:36.031515 http.c:859              <= Recv header, 0000000037 bytes (0x00000025)
19:27:36.031516 http.c:871              <= Recv header: date: Sat, 05 Sep 2026 02:27:36 GMT
19:27:36.031517 http.c:859              <= Recv header, 0000000002 bytes (0x00000002)
19:27:36.031518 http.c:871              <= Recv header:
19:27:36.031526 http.c:912              == Info: Connection #0 to host 127.0.0.1 left intact
