('fetch', 'origin')
19:27:51.255771 http.c:912              == Info: Couldn't find host 127.0.0.1 in the .netrc file; using defaults
19:27:51.255959 http.c:912              == Info:   Trying 127.0.0.1:59767...
19:27:51.256069 http.c:912              == Info: Connected to 127.0.0.1 (127.0.0.1) port 59767
19:27:51.256085 http.c:859              => Send header, 0000000191 bytes (0x000000bf)
19:27:51.256087 http.c:871              => Send header: GET /repo/info/refs?service=git-upload-pack HTTP/1.1
19:27:51.256088 http.c:871              => Send header: Host: 127.0.0.1:59767
19:27:51.256089 http.c:871              => Send header: User-Agent: git/2.54.0
19:27:51.256090 http.c:871              => Send header: Accept: */*
19:27:51.256091 http.c:871              => Send header: Accept-Encoding: deflate, gzip
19:27:51.256092 http.c:871              => Send header: Pragma: no-cache
19:27:51.256092 http.c:871              => Send header: Git-Protocol: version=2
19:27:51.256093 http.c:871              => Send header:
19:27:51.256096 http.c:912              == Info: Request completely sent off
19:27:51.256996 http.c:859              <= Recv header, 0000000017 bytes (0x00000011)
19:27:51.256999 http.c:871              <= Recv header: HTTP/1.1 200 OK
19:27:51.257003 http.c:859              <= Recv header, 0000000059 bytes (0x0000003b)
19:27:51.257004 http.c:871              <= Recv header: content-type: application/x-git-upload-pack-advertisement
19:27:51.257005 http.c:859              <= Recv header, 0000000020 bytes (0x00000014)
19:27:51.257006 http.c:871              <= Recv header: content-length: 93
19:27:51.257007 http.c:859              <= Recv header, 0000000025 bytes (0x00000019)
19:27:51.257008 http.c:871              <= Recv header: cache-control: no-cache
19:27:51.257009 http.c:859              <= Recv header, 0000000037 bytes (0x00000025)
19:27:51.257010 http.c:871              <= Recv header: date: Sat, 05 Sep 2026 02:27:51 GMT
19:27:51.257011 http.c:859              <= Recv header, 0000000002 bytes (0x00000002)
19:27:51.257012 http.c:871              <= Recv header:
19:27:51.257016 http.c:912              == Info: Connection #0 to host 127.0.0.1 left intact
19:27:51.257076 http.c:912              == Info: Couldn't find host 127.0.0.1 in the .netrc file; using defaults
19:27:51.257079 http.c:912              == Info: Found bundle for host: 0x104ad4940 [serially]
19:27:51.257080 http.c:912              == Info: Can not multiplex, even if we wanted to
19:27:51.257082 http.c:912              == Info: Re-using existing connection with host 127.0.0.1
19:27:51.257099 http.c:859              => Send header, 0000000263 bytes (0x00000107)
19:27:51.257101 http.c:871              => Send header: POST /repo/git-upload-pack HTTP/1.1
19:27:51.257102 http.c:871              => Send header: Host: 127.0.0.1:59767
19:27:51.257103 http.c:871              => Send header: User-Agent: git/2.54.0
19:27:51.257103 http.c:871              => Send header: Accept-Encoding: deflate, gzip
19:27:51.257104 http.c:871              => Send header: Content-Type: application/x-git-upload-pack-request
19:27:51.257105 http.c:871              => Send header: Accept: application/x-git-upload-pack-result
19:27:51.257106 http.c:871              => Send header: Git-Protocol: version=2
19:27:51.257106 http.c:871              => Send header: Content-Length: 215
19:27:51.257107 http.c:871              => Send header:
19:27:51.257108 http.c:912              == Info: upload completely sent off: 215 bytes
19:27:51.269634 http.c:859              <= Recv header, 0000000017 bytes (0x00000011)
19:27:51.269641 http.c:871              <= Recv header: HTTP/1.1 200 OK
19:27:51.269644 http.c:859              <= Recv header, 0000000052 bytes (0x00000034)
19:27:51.269646 http.c:871              <= Recv header: content-type: application/x-git-upload-pack-result
19:27:51.269647 http.c:859              <= Recv header, 0000000021 bytes (0x00000015)
19:27:51.269648 http.c:871              <= Recv header: content-length: 193
19:27:51.269649 http.c:859              <= Recv header, 0000000025 bytes (0x00000019)
19:27:51.269650 http.c:871              <= Recv header: cache-control: no-cache
19:27:51.269651 http.c:859              <= Recv header, 0000000037 bytes (0x00000025)
19:27:51.269652 http.c:871              <= Recv header: date: Sat, 05 Sep 2026 02:27:51 GMT
19:27:51.269654 http.c:859              <= Recv header, 0000000002 bytes (0x00000002)
19:27:51.269654 http.c:871              <= Recv header:
19:27:51.269663 http.c:912              == Info: Connection #0 to host 127.0.0.1 left intact
19:27:51.270017 http.c:912              == Info: Couldn't find host 127.0.0.1 in the .netrc file; using defaults
19:27:51.270021 http.c:912              == Info: Found bundle for host: 0x104ad4940 [serially]
19:27:51.270022 http.c:912              == Info: Can not multiplex, even if we wanted to
19:27:51.270025 http.c:912              == Info: Re-using existing connection with host 127.0.0.1
19:27:51.270041 http.c:859              => Send header, 0000000263 bytes (0x00000107)
19:27:51.270046 http.c:871              => Send header: POST /repo/git-upload-pack HTTP/1.1
19:27:51.270047 http.c:871              => Send header: Host: 127.0.0.1:59767
19:27:51.270048 http.c:871              => Send header: User-Agent: git/2.54.0
19:27:51.270048 http.c:871              => Send header: Accept-Encoding: deflate, gzip
19:27:51.270049 http.c:871              => Send header: Content-Type: application/x-git-upload-pack-request
19:27:51.270050 http.c:871              => Send header: Accept: application/x-git-upload-pack-result
19:27:51.270051 http.c:871              => Send header: Git-Protocol: version=2
19:27:51.270052 http.c:871              => Send header: Content-Length: 280
19:27:51.270052 http.c:871              => Send header:
19:27:51.270054 http.c:912              == Info: upload completely sent off: 280 bytes
19:27:51.284684 http.c:859              <= Recv header, 0000000017 bytes (0x00000011)
19:27:51.284694 http.c:871              <= Recv header: HTTP/1.1 200 OK
19:27:51.284698 http.c:859              <= Recv header, 0000000052 bytes (0x00000034)
19:27:51.284700 http.c:871              <= Recv header: content-type: application/x-git-upload-pack-result
19:27:51.284702 http.c:859              <= Recv header, 0000000020 bytes (0x00000014)
19:27:51.284703 http.c:871              <= Recv header: content-length: 97
19:27:51.284705 http.c:859              <= Recv header, 0000000025 bytes (0x00000019)
19:27:51.284706 http.c:871              <= Recv header: cache-control: no-cache
19:27:51.284707 http.c:859              <= Recv header, 0000000037 bytes (0x00000025)
19:27:51.284708 http.c:871              <= Recv header: date: Sat, 05 Sep 2026 02:27:51 GMT
19:27:51.284709 http.c:859              <= Recv header, 0000000002 bytes (0x00000002)
19:27:51.284710 http.c:871              <= Recv header:
19:27:51.284719 http.c:912              == Info: Connection #0 to host 127.0.0.1 left intact
19:27:51.284768 http.c:912              == Info: Couldn't find host 127.0.0.1 in the .netrc file; using defaults
19:27:51.284772 http.c:912              == Info: Found bundle for host: 0x104ad4940 [serially]
19:27:51.284773 http.c:912              == Info: Can not multiplex, even if we wanted to
19:27:51.284775 http.c:912              == Info: Re-using existing connection with host 127.0.0.1
19:27:51.284798 http.c:859              => Send header, 0000000263 bytes (0x00000107)
19:27:51.284801 http.c:871              => Send header: POST /repo/git-upload-pack HTTP/1.1
19:27:51.284802 http.c:871              => Send header: Host: 127.0.0.1:59767
19:27:51.284802 http.c:871              => Send header: User-Agent: git/2.54.0
19:27:51.284803 http.c:871              => Send header: Accept-Encoding: deflate, gzip
19:27:51.284804 http.c:871              => Send header: Content-Type: application/x-git-upload-pack-request
19:27:51.284804 http.c:871              => Send header: Accept: application/x-git-upload-pack-result
19:27:51.284805 http.c:871              => Send header: Git-Protocol: version=2
19:27:51.284806 http.c:871              => Send header: Content-Length: 289
19:27:51.284806 http.c:871              => Send header:
19:27:51.284808 http.c:912              == Info: upload completely sent off: 289 bytes
19:27:51.377395 http.c:859              <= Recv header, 0000000017 bytes (0x00000011)
19:27:51.377406 http.c:871              <= Recv header: HTTP/1.1 200 OK
19:27:51.377411 http.c:859              <= Recv header, 0000000052 bytes (0x00000034)
19:27:51.377413 http.c:871              <= Recv header: content-type: application/x-git-upload-pack-result
19:27:51.377415 http.c:859              <= Recv header, 0000000025 bytes (0x00000019)
19:27:51.377416 http.c:871              <= Recv header: content-length: 8392165
19:27:51.377417 http.c:859              <= Recv header, 0000000025 bytes (0x00000019)
19:27:51.377418 http.c:871              <= Recv header: cache-control: no-cache
19:27:51.377419 http.c:859              <= Recv header, 0000000037 bytes (0x00000025)
19:27:51.377420 http.c:871              <= Recv header: date: Sat, 05 Sep 2026 02:27:51 GMT
19:27:51.377421 http.c:859              <= Recv header, 0000000002 bytes (0x00000002)
19:27:51.377422 http.c:871              <= Recv header:
19:27:51.410143 http.c:912              == Info: Connection #0 to host 127.0.0.1 left intact
From http://127.0.0.1:59767/repo
   c34e711..5152a4b  main       -> origin/main
