('clone', 'http://127.0.0.1:59767/repo', '/var/folders/wc/km_p_m0x5_s5dxd9y9w2qlh40000gn/T/object-log-linux-client-u7o38u2o/clone')
Cloning into '/var/folders/wc/km_p_m0x5_s5dxd9y9w2qlh40000gn/T/object-log-linux-client-u7o38u2o/clone'...
19:27:50.597677 http.c:912              == Info: Couldn't find host 127.0.0.1 in the .netrc file; using defaults
19:27:50.597905 http.c:912              == Info:   Trying 127.0.0.1:59767...
19:27:50.598053 http.c:912              == Info: Connected to 127.0.0.1 (127.0.0.1) port 59767
19:27:50.598086 http.c:859              => Send header, 0000000191 bytes (0x000000bf)
19:27:50.598090 http.c:871              => Send header: GET /repo/info/refs?service=git-upload-pack HTTP/1.1
19:27:50.598092 http.c:871              => Send header: Host: 127.0.0.1:59767
19:27:50.598092 http.c:871              => Send header: User-Agent: git/2.54.0
19:27:50.598093 http.c:871              => Send header: Accept: */*
19:27:50.598094 http.c:871              => Send header: Accept-Encoding: deflate, gzip
19:27:50.598095 http.c:871              => Send header: Pragma: no-cache
19:27:50.598118 http.c:871              => Send header: Git-Protocol: version=2
19:27:50.598122 http.c:871              => Send header:
19:27:50.598133 http.c:912              == Info: Request completely sent off
19:27:50.599446 http.c:859              <= Recv header, 0000000017 bytes (0x00000011)
19:27:50.599453 http.c:871              <= Recv header: HTTP/1.1 200 OK
19:27:50.599457 http.c:859              <= Recv header, 0000000059 bytes (0x0000003b)
19:27:50.599460 http.c:871              <= Recv header: content-type: application/x-git-upload-pack-advertisement
19:27:50.599462 http.c:859              <= Recv header, 0000000020 bytes (0x00000014)
19:27:50.599463 http.c:871              <= Recv header: content-length: 93
19:27:50.599466 http.c:859              <= Recv header, 0000000025 bytes (0x00000019)
19:27:50.599467 http.c:871              <= Recv header: cache-control: no-cache
19:27:50.599468 http.c:859              <= Recv header, 0000000037 bytes (0x00000025)
19:27:50.599469 http.c:871              <= Recv header: date: Sat, 05 Sep 2026 02:27:50 GMT
19:27:50.599470 http.c:859              <= Recv header, 0000000002 bytes (0x00000002)
19:27:50.599471 http.c:871              <= Recv header:
19:27:50.599482 http.c:912              == Info: Connection #0 to host 127.0.0.1 left intact
19:27:50.599588 http.c:912              == Info: Couldn't find host 127.0.0.1 in the .netrc file; using defaults
19:27:50.599596 http.c:912              == Info: Found bundle for host: 0x1010759d0 [serially]
19:27:50.599598 http.c:912              == Info: Can not multiplex, even if we wanted to
19:27:50.599601 http.c:912              == Info: Re-using existing connection with host 127.0.0.1
19:27:50.599634 http.c:859              => Send header, 0000000263 bytes (0x00000107)
19:27:50.599641 http.c:871              => Send header: POST /repo/git-upload-pack HTTP/1.1
19:27:50.599642 http.c:871              => Send header: Host: 127.0.0.1:59767
19:27:50.599643 http.c:871              => Send header: User-Agent: git/2.54.0
19:27:50.599644 http.c:871              => Send header: Accept-Encoding: deflate, gzip
19:27:50.599645 http.c:871              => Send header: Content-Type: application/x-git-upload-pack-request
19:27:50.599646 http.c:871              => Send header: Accept: application/x-git-upload-pack-result
19:27:50.599647 http.c:871              => Send header: Git-Protocol: version=2
19:27:50.599648 http.c:871              => Send header: Content-Length: 184
19:27:50.599650 http.c:871              => Send header:
19:27:50.599652 http.c:912              == Info: upload completely sent off: 184 bytes
19:27:50.613668 http.c:859              <= Recv header, 0000000017 bytes (0x00000011)
19:27:50.613677 http.c:871              <= Recv header: HTTP/1.1 200 OK
19:27:50.613681 http.c:859              <= Recv header, 0000000052 bytes (0x00000034)
19:27:50.613682 http.c:871              <= Recv header: content-type: application/x-git-upload-pack-result
19:27:50.613684 http.c:859              <= Recv header, 0000000021 bytes (0x00000015)
19:27:50.613684 http.c:871              <= Recv header: content-length: 193
19:27:50.613686 http.c:859              <= Recv header, 0000000025 bytes (0x00000019)
19:27:50.613687 http.c:871              <= Recv header: cache-control: no-cache
19:27:50.613687 http.c:859              <= Recv header, 0000000037 bytes (0x00000025)
19:27:50.613688 http.c:871              <= Recv header: date: Sat, 05 Sep 2026 02:27:50 GMT
19:27:50.613689 http.c:859              <= Recv header, 0000000002 bytes (0x00000002)
19:27:50.613690 http.c:871              <= Recv header:
19:27:50.613699 http.c:912              == Info: Connection #0 to host 127.0.0.1 left intact
19:27:50.615094 http.c:912              == Info: Couldn't find host 127.0.0.1 in the .netrc file; using defaults
19:27:50.615100 http.c:912              == Info: Found bundle for host: 0x1010759d0 [serially]
19:27:50.615101 http.c:912              == Info: Can not multiplex, even if we wanted to
19:27:50.615103 http.c:912              == Info: Re-using existing connection with host 127.0.0.1
19:27:50.615120 http.c:859              => Send header, 0000000263 bytes (0x00000107)
19:27:50.615124 http.c:871              => Send header: POST /repo/git-upload-pack HTTP/1.1
19:27:50.615125 http.c:871              => Send header: Host: 127.0.0.1:59767
19:27:50.615126 http.c:871              => Send header: User-Agent: git/2.54.0
19:27:50.615127 http.c:871              => Send header: Accept-Encoding: deflate, gzip
19:27:50.615128 http.c:871              => Send header: Content-Type: application/x-git-upload-pack-request
19:27:50.615132 http.c:871              => Send header: Accept: application/x-git-upload-pack-result
19:27:50.615133 http.c:871              => Send header: Git-Protocol: version=2
19:27:50.615133 http.c:871              => Send header: Content-Length: 274
19:27:50.615134 http.c:871              => Send header:
19:27:50.615136 http.c:912              == Info: upload completely sent off: 274 bytes
19:27:50.627647 http.c:859              <= Recv header, 0000000017 bytes (0x00000011)
19:27:50.627656 http.c:871              <= Recv header: HTTP/1.1 200 OK
19:27:50.627660 http.c:859              <= Recv header, 0000000052 bytes (0x00000034)
19:27:50.627662 http.c:871              <= Recv header: content-type: application/x-git-upload-pack-result
19:27:50.627663 http.c:859              <= Recv header, 0000000021 bytes (0x00000015)
19:27:50.627664 http.c:871              <= Recv header: content-length: 288
19:27:50.627666 http.c:859              <= Recv header, 0000000025 bytes (0x00000019)
19:27:50.627666 http.c:871              <= Recv header: cache-control: no-cache
19:27:50.627667 http.c:859              <= Recv header, 0000000037 bytes (0x00000025)
19:27:50.627668 http.c:871              <= Recv header: date: Sat, 05 Sep 2026 02:27:50 GMT
19:27:50.627670 http.c:859              <= Recv header, 0000000002 bytes (0x00000002)
19:27:50.627670 http.c:871              <= Recv header:
19:27:50.627679 http.c:912              == Info: Connection #0 to host 127.0.0.1 left intact
