('push', 'http://127.0.0.1:59767/repo', 'main')
19:27:50.890745 http.c:912              == Info: Couldn't find host 127.0.0.1 in the .netrc file; using defaults
19:27:50.890938 http.c:912              == Info:   Trying 127.0.0.1:59767...
19:27:50.891060 http.c:912              == Info: Connected to 127.0.0.1 (127.0.0.1) port 59767
19:27:50.891085 http.c:859              => Send header, 0000000167 bytes (0x000000a7)
19:27:50.891090 http.c:871              => Send header: GET /repo/info/refs?service=git-receive-pack HTTP/1.1
19:27:50.891091 http.c:871              => Send header: Host: 127.0.0.1:59767
19:27:50.891092 http.c:871              => Send header: User-Agent: git/2.54.0
19:27:50.891093 http.c:871              => Send header: Accept: */*
19:27:50.891094 http.c:871              => Send header: Accept-Encoding: deflate, gzip
19:27:50.891094 http.c:871              => Send header: Pragma: no-cache
19:27:50.891096 http.c:871              => Send header:
19:27:50.891099 http.c:912              == Info: Request completely sent off
19:27:50.907278 http.c:859              <= Recv header, 0000000017 bytes (0x00000011)
19:27:50.907287 http.c:871              <= Recv header: HTTP/1.1 200 OK
19:27:50.907290 http.c:859              <= Recv header, 0000000060 bytes (0x0000003c)
19:27:50.907292 http.c:871              <= Recv header: content-type: application/x-git-receive-pack-advertisement
19:27:50.907293 http.c:859              <= Recv header, 0000000021 bytes (0x00000015)
19:27:50.907294 http.c:871              <= Recv header: content-length: 205
19:27:50.907295 http.c:859              <= Recv header, 0000000025 bytes (0x00000019)
19:27:50.907296 http.c:871              <= Recv header: cache-control: no-cache
19:27:50.907297 http.c:859              <= Recv header, 0000000037 bytes (0x00000025)
19:27:50.907297 http.c:871              <= Recv header: date: Sat, 05 Sep 2026 02:27:50 GMT
19:27:50.907299 http.c:859              <= Recv header, 0000000002 bytes (0x00000002)
19:27:50.907299 http.c:871              <= Recv header:
19:27:50.907305 http.c:912              == Info: Connection #0 to host 127.0.0.1 left intact
19:27:51.039439 http.c:912              == Info: Couldn't find host 127.0.0.1 in the .netrc file; using defaults
19:27:51.039449 http.c:912              == Info: Found bundle for host: 0x1050a8810 [serially]
19:27:51.039451 http.c:912              == Info: Can not multiplex, even if we wanted to
19:27:51.039455 http.c:912              == Info: Re-using existing connection with host 127.0.0.1
19:27:51.039503 http.c:859              => Send header, 0000000207 bytes (0x000000cf)
19:27:51.039509 http.c:871              => Send header: POST /repo/git-receive-pack HTTP/1.1
19:27:51.039510 http.c:871              => Send header: Host: 127.0.0.1:59767
19:27:51.039510 http.c:871              => Send header: User-Agent: git/2.54.0
19:27:51.039512 http.c:871              => Send header: Content-Type: application/x-git-receive-pack-request
19:27:51.039513 http.c:871              => Send header: Accept: application/x-git-receive-pack-result
19:27:51.039514 http.c:871              => Send header: Content-Length: 4
19:27:51.039515 http.c:871              => Send header:
19:27:51.039516 http.c:912              == Info: upload completely sent off: 4 bytes
19:27:51.053622 http.c:859              <= Recv header, 0000000017 bytes (0x00000011)
19:27:51.053635 http.c:871              <= Recv header: HTTP/1.1 200 OK
19:27:51.053643 http.c:859              <= Recv header, 0000000053 bytes (0x00000035)
19:27:51.053644 http.c:871              <= Recv header: content-type: application/x-git-receive-pack-result
19:27:51.053646 http.c:859              <= Recv header, 0000000019 bytes (0x00000013)
19:27:51.053647 http.c:871              <= Recv header: content-length: 0
19:27:51.053648 http.c:859              <= Recv header, 0000000025 bytes (0x00000019)
19:27:51.053649 http.c:871              <= Recv header: cache-control: no-cache
19:27:51.053650 http.c:859              <= Recv header, 0000000037 bytes (0x00000025)
19:27:51.053651 http.c:871              <= Recv header: date: Sat, 05 Sep 2026 02:27:51 GMT
19:27:51.053652 http.c:859              <= Recv header, 0000000002 bytes (0x00000002)
19:27:51.053654 http.c:871              <= Recv header:
19:27:51.053660 http.c:912              == Info: Connection #0 to host 127.0.0.1 left intact
19:27:51.053703 http.c:912              == Info: Couldn't find host 127.0.0.1 in the .netrc file; using defaults
19:27:51.053708 http.c:912              == Info: Found bundle for host: 0x1050a8810 [serially]
19:27:51.053710 http.c:912              == Info: Can not multiplex, even if we wanted to
19:27:51.053712 http.c:912              == Info: Re-using existing connection with host 127.0.0.1
19:27:51.053776 http.c:859              => Send header, 0000000248 bytes (0x000000f8)
19:27:51.053780 http.c:871              => Send header: POST /repo/git-receive-pack HTTP/1.1
19:27:51.053781 http.c:871              => Send header: Host: 127.0.0.1:59767
19:27:51.053782 http.c:871              => Send header: User-Agent: git/2.54.0
19:27:51.053783 http.c:871              => Send header: Accept-Encoding: deflate, gzip
19:27:51.053784 http.c:871              => Send header: Transfer-Encoding: chunked
19:27:51.053785 http.c:871              => Send header: Content-Type: application/x-git-receive-pack-request
19:27:51.053791 http.c:871              => Send header: Accept: application/x-git-receive-pack-result
19:27:51.053792 http.c:871              => Send header:
19:27:51.087134 http.c:912              == Info: upload completely sent off: 8393011 bytes
19:27:51.233718 http.c:859              <= Recv header, 0000000017 bytes (0x00000011)
19:27:51.233728 http.c:871              <= Recv header: HTTP/1.1 200 OK
19:27:51.233732 http.c:859              <= Recv header, 0000000053 bytes (0x00000035)
19:27:51.233733 http.c:871              <= Recv header: content-type: application/x-git-receive-pack-result
19:27:51.233735 http.c:859              <= Recv header, 0000000020 bytes (0x00000014)
19:27:51.233735 http.c:871              <= Recv header: content-length: 41
19:27:51.233736 http.c:859              <= Recv header, 0000000025 bytes (0x00000019)
19:27:51.233737 http.c:871              <= Recv header: cache-control: no-cache
19:27:51.233738 http.c:859              <= Recv header, 0000000037 bytes (0x00000025)
19:27:51.233739 http.c:871              <= Recv header: date: Sat, 05 Sep 2026 02:27:51 GMT
19:27:51.233740 http.c:859              <= Recv header, 0000000002 bytes (0x00000002)
19:27:51.233741 http.c:871              <= Recv header:
19:27:51.233751 http.c:912              == Info: Connection #0 to host 127.0.0.1 left intact
To http://127.0.0.1:59767/repo
   c34e711..5152a4b  main -> main
